// Jest Snapshot v1, https://goo.gl/fbAQLP

exports[`ArtworkSlideImage Component renders correctly 1`] = `<div class="artwork-image-frame"><img data-src="/photos/01-01/01-01--xs3-d0wAmzwM620.jpg" data-srcset="/photos/01-01/01-01--xs3-d0wAmzwM620.jpg 640w, /photos/01-01/01-01--xs2-d0wAmzwM620.jpg 800w, /photos/01-01/01-01--xs-d0wAmzwM620.jpg 960w, /photos/01-01/01-01--sm-d0wAmzwM620.jpg 1120w, /photos/01-01/01-01--md-d0wAmzwM620.jpg 1280w, /photos/01-01/01-01--lg-d0wAmzwM620.jpg 1440w, /photos/01-01/01-01--xl-d0wAmzwM620.jpg 1600w, /photos/01-01/01-01--xl2-d0wAmzwM620.jpg 1760w, /photos/01-01/01-01--xl3-d0wAmzwM620.jpg 1920w" data-sizes="(min-height: 700px) calc((4000 / 4485) * (100vh - 280px)), calc((4000 / 4485) * 100vh), 100vw" alt="Johannes Vermeer's painting: The Milkmaid" class="artwork-image swiper-lazy"></div>`;
