// Jest Snapshot v1, https://goo.gl/fbAQLP

exports[`BackgroundStackItem Component has no active background 1`] = `<div class="background-stack__item"></div>`;

exports[`BackgroundStackItem Component renders correctly 1`] = `<div class="background-stack__item background-stack__item--today" style="background-image: url(/photos/01-01/01-01--lqi-d0wAmzwM620.jpg);"></div>`;
