// Jest Snapshot v1, https://goo.gl/fbAQLP

exports[`DetailsCarousel Component renders correctly 1`] = `
<base-carousel-stub name="details" style="height: 100px;">
  <details-slide-stub id="12-26"></details-slide-stub>
  <details-slide-stub id="12-27"></details-slide-stub>
  <details-slide-stub id="12-28"></details-slide-stub>
  <details-slide-stub id="12-29"></details-slide-stub>
  <details-slide-stub id="12-30"></details-slide-stub>
  <details-slide-stub id="12-31"></details-slide-stub>
  <details-slide-stub id="01-01"></details-slide-stub>
</base-carousel-stub>
`;
