// Jest Snapshot v1, https://goo.gl/fbAQLP

exports[`Artwork Page renders correctly 1`] = `
<div>
  <main class="l-page__main">
    <base-carousel-stub name="carousel" keyboard="true" simulate-touch="true" class="l-page__carousel" style="height: 100px;"></base-carousel-stub>
  </main>
  <nav class="l-page__nav">
    <timeline-nav-button-stub direction="prev"></timeline-nav-button-stub>
    <timeline-nav-stub class="l-page__timeline"></timeline-nav-stub>
    <timeline-nav-button-stub direction="next"></timeline-nav-button-stub>
  </nav>
  <details-carousel-stub class="l-page__details"></details-carousel-stub>
</div>
`;
